// Jest Snapshot v1, https://goo.gl/fbAQLP

exports[`<Box /> should match snapshot (default) 1`] = `
.emotion-0 {
  box-sizing: border-box;
  border: 1px solid;
  border-color: #9f1313;
  display: block;
  box-shadow: 0 1px 3px 0 rgb(0 0 0 / 0.1),0 1px 2px -1px rgb(0 0 0 / 0.1);
}

<div>
  <div
    class="emotion-0 emotion-1"
    display="block"
  >
    Dummy text
  </div>
</div>
`;
