// Jest Snapshot v1, https://goo.gl/fbAQLP

exports[`borderColor should return a component all the flex props 1`] = `
.emotion-0 {
  -webkit-align-items: center;
  -webkit-box-align: center;
  -ms-flex-align: center;
  align-items: center;
  -webkit-flex-basis: max-content;
  -ms-flex-preferred-size: max-content;
  flex-basis: max-content;
  -webkit-box-pack: center;
  -ms-flex-pack: center;
  -webkit-justify-content: center;
  justify-content: center;
  -webkit-flex-direction: row;
  -ms-flex-direction: row;
  flex-direction: row;
  -webkit-box-flex: 1;
  -webkit-flex-grow: 1;
  -ms-flex-positive: 1;
  flex-grow: 1;
  -webkit-flex-shrink: inherit;
  -ms-flex-negative: inherit;
  flex-shrink: inherit;
  -webkit-box-flex-wrap: wrap;
  -webkit-flex-wrap: wrap;
  -ms-flex-wrap: wrap;
  flex-wrap: wrap;
}

<div>
  <div
    class="emotion-0 emotion-1"
    direction="row"
    wrap="wrap"
  />
</div>
`;

exports[`borderColor should return a component some flex props 1`] = `
.emotion-0 {
  -webkit-align-items: center;
  -webkit-box-align: center;
  -ms-flex-align: center;
  align-items: center;
}

<div>
  <div
    class="emotion-0 emotion-1"
  />
</div>
`;
