// Jest Snapshot v1, https://goo.gl/fbAQLP

exports[`<BaseStyle /> should match snapshot (default) 1`] = `<div />`;
