// Jest Snapshot v1, https://goo.gl/fbAQLP

exports[`input/input should render a themed input 1`] = `
.emotion-0 {
  position: relative;
  -webkit-flex: 1;
  -ms-flex: 1;
  flex: 1;
  border: 1px solid rgba(0, 0, 0, .25);
  border-radius: 1rem;
  box-sizing: border-box;
  height: 3rem;
  font-size: 16px;
  padding: 1rem;
  -webkit-transition: border ease-in 0.25s;
  transition: border ease-in 0.25s;
}

.emotion-0:focus,
.emotion-0:hover {
  outline: unset;
  border-color: #F1694B;
  box-shadow: 0 2px 4px 0 rgba(241,105,75,0.15);
}

.emotion-0:disabled {
  pointer-events: none;
  background-color: rgba(154,152,151,0.15);
}

.emotion-0:-moz-read-only {
  background-color: white;
  border-color: white;
  margin-left: -2px;
  padding: 0.5rem;
  pointer-events: none;
}

.emotion-0:read-only {
  background-color: white;
  border-color: white;
  margin-left: -2px;
  padding: 0.5rem;
  pointer-events: none;
}

<div>
  <input
    class="emotion-0 emotion-1"
  />
</div>
`;
