// Jest Snapshot v1, https://goo.gl/fbAQLP

exports[`spacing should create a css fragment with the mapped props (including all props) 1`] = `
.emotion-0 {
  margin: 0.25rem;
  margin-left: 0.75rem;
  margin-right: 0.75rem;
  margin-top: 0.5rem;
  margin-bottom: 0.5rem;
  margin-left: 0.25rem;
  margin-right: 8rem;
  margin-top: 1px;
  margin-bottom: 3rem;
  padding:0.5rem padding-left: 0.75rem;
  padding-right: 0.75rem;
  padding-top: 0.5rem;
  padding-bottom: 0.5rem;
  padding-left: 0.25rem;
  padding-right: 8rem;
  padding-top: 1px;
  padding-bottom: 3rem;
}

<div>
  <div
    class="emotion-0"
  />
</div>
`;

exports[`spacing should create a css fragment with the mapped props (partial) 1`] = `
.emotion-0 {
  margin: 2.5rem;
  padding-top: 1rem;
  padding-bottom: 1rem;
}

<div>
  <div
    class="emotion-0"
  />
</div>
`;
