// Jest Snapshot v1, https://goo.gl/fbAQLP

exports[`components/Text/Paragraph should match snapshot 1`] = `
<DocumentFragment>
  .emotion-0 {
  font-size: 16px;
  margin: 0;
}

<p
    class="emotion-0"
  />
</DocumentFragment>
`;
