// Jest Snapshot v1, https://goo.gl/fbAQLP

exports[`<Badge /> should match snapshot 1`] = `
<div>
  <div
    class="primary css-g1yzty"
  >
    Dummy text
  </div>
</div>
`;
