// Jest Snapshot v1, https://goo.gl/fbAQLP

exports[`<CSSReset /> should match snapshot 1`] = `<div />`;
